
> lms-platform@0.1.0 build
> next build

node.exe : ΓÜá 
Warning: Next.js 
inferred your 
workspace root, but 
it may not be 
correct.
At line:1 char:1
+ & "C:\Program File
s\nodejs/node.exe" "
C:\Users\saitr\AppDa
ta\Roaming\ ...
+ ~~~~~~~~~~~~~~~~~~
~~~~~~~~~~~~~~~~~~~~
~~~~~~~~~~~~~~~~~~~~
~~~~~~~~~~~
    + CategoryInfo  
            : NotS  
  pecified: (ΓÜá    
 Warning: Ne...n    
ot be correct.:    
String) [], Rem    
oteException
    + FullyQualifie 
   dErrorId : Nati  
  veCommandError
 
 We detected 
multiple lockfiles 
and selected the 
directory of C:\User
s\saitr\package-lock
.json as the root 
directory.
 To silence this 
warning, set 
`turbopack.root` in 
your Next.js 
config, or consider 
removing one of the 
lockfiles if it's 
not needed.
   See https://nextj
s.org/docs/app/api-r
eference/config/next
-config-js/turbopack
#root-directory for 
more information.
 Detected 
additional 
lockfiles: 
   * C:\Users\saitr\
OneDrive\Pictures\De
sktop\amerox-educati
on\amero-edu3\lms-pl
atform\package-lock.
json

Γû▓ Next.js 16.1.1 (Turbopack)
- Environments: .env.local

ΓÜá The 
"middleware" file 
convention is 
deprecated. Please 
use "proxy" 
instead. Learn 
more: https://nextjs
.org/docs/messages/m
iddleware-to-proxy
  Creating an optimized production build ...
Γ£ô Compiled successfully in 4.0s
  Running TypeScript ...
Failed to compile.

./src/app/api/checko
ut/route.ts:6:5
Type error: Type '"2
024-11-20.acacia"' 
is not assignable 
to type '"2025-12-15
.clover"'.

[0m [90m 4 |[39m
 [90m 5 |[39m 
[36mconst[39m 
stripe [33m=[39m 
[36mnew[39m [33mS
tripe[39m(process[
33m.[39menv[33m.[
39m[33mSTRIPE_SECRE
T_KEY[39m[33m![39
m[33m,[39m {
[31m[1m>[22m[39m
[90m 6 |[39m     a
piVersion[33m:[39m
 [32m'2024-11-20.ac
acia'[39m[33m,[39
m
 [90m   |[39m     
[31m[1m^[22m[39m
 [90m 7 |[39m })
 [90m 8 |[39m
 [90m 9 |[39m 
[36mexport[39m 
[36masync[39m 
[36mfunction[39m 
[33mPOST[39m(reques
t[33m:[39m 
[33mRequest[39m) 
{[0m
Next.js build 
worker exited with 
code: 1 and signal: 
null
